[html.phoenixcoded.net/mintone/bootstrap/default/index.html]
[backblue.gif]
[fade.gif]
[index.html]
[html.phoenixcoded.net/mintone/bootstrap/default/assets/images/favicon.png]
[html.phoenixcoded.net/mintone/bootstrap/default/assets/plugins/vendors/morrisjs/morris.css]
[html.phoenixcoded.net/mintone/bootstrap/default/assets/plugins/vendors/c3-master/c3.min.css]
[html.phoenixcoded.net/mintone/bootstrap/default/assets/images/logo-dark.png]
[html.phoenixcoded.net/mintone/bootstrap/default/assets/css/style.css]
[html.phoenixcoded.net/mintone/bootstrap/default/user-profile.html]
[html.phoenixcoded.net/mintone/bootstrap/default/email_inbox.html]
[html.phoenixcoded.net/mintone/bootstrap/default/assets/images/user/avatar-1.jpg]
[html.phoenixcoded.net/mintone/bootstrap/default/auth-signin.html]
[html.phoenixcoded.net/mintone/bootstrap/default/assets/images/user/avatar-2.jpg]
[html.phoenixcoded.net/mintone/bootstrap/default/index-project-statistics.html]
[html.phoenixcoded.net/mintone/bootstrap/default/index-project-details.html]
[html.phoenixcoded.net/mintone/bootstrap/default/index-project-task.html]
[html.phoenixcoded.net/mintone/bootstrap/default/index-project-members.html]
[html.phoenixcoded.net/mintone/bootstrap/default/index-shop.html]
[html.phoenixcoded.net/mintone/bootstrap/default/index-analytics.html]
[html.phoenixcoded.net/mintone/bootstrap/default/layout-static.html]
[html.phoenixcoded.net/mintone/bootstrap/default/layout-fixed.html]
[html.phoenixcoded.net/mintone/bootstrap/default/layout-menu-fixed.html]
[html.phoenixcoded.net/mintone/bootstrap/default/layout-mini-menu.html]
[html.phoenixcoded.net/mintone/bootstrap/default/layout-nav-dark.html]
[html.phoenixcoded.net/mintone/bootstrap/default/layout-horizontal.html]
[html.phoenixcoded.net/mintone/bootstrap/default/widget-statistic.html]
[html.phoenixcoded.net/mintone/bootstrap/default/widget-data.html]
[html.phoenixcoded.net/mintone/bootstrap/default/widget-chart.html]
[html.phoenixcoded.net/mintone/bootstrap/default/user-card.html]
[html.phoenixcoded.net/mintone/bootstrap/default/user-list.html]
[html.phoenixcoded.net/mintone/bootstrap/default/bc_alert.html]
[html.phoenixcoded.net/mintone/bootstrap/default/bc_button.html]
[html.phoenixcoded.net/mintone/bootstrap/default/bc_badges.html]
[html.phoenixcoded.net/mintone/bootstrap/default/bc_breadcrumb-pagination.html]
[html.phoenixcoded.net/mintone/bootstrap/default/bc_card.html]
[html.phoenixcoded.net/mintone/bootstrap/default/bc_collapse.html]
[html.phoenixcoded.net/mintone/bootstrap/default/bc_carousel.html]
[html.phoenixcoded.net/mintone/bootstrap/default/bc_grid.html]
[html.phoenixcoded.net/mintone/bootstrap/default/bc_progress.html]
[html.phoenixcoded.net/mintone/bootstrap/default/bc_modal.html]
[html.phoenixcoded.net/mintone/bootstrap/default/bc_spinner.html]
[html.phoenixcoded.net/mintone/bootstrap/default/bc_tabs.html]
[html.phoenixcoded.net/mintone/bootstrap/default/bc_typography.html]
[html.phoenixcoded.net/mintone/bootstrap/default/bc_tooltip-popover.html]
[html.phoenixcoded.net/mintone/bootstrap/default/bc_toasts.html]
[html.phoenixcoded.net/mintone/bootstrap/default/bc_extra.html]
[html.phoenixcoded.net/mintone/bootstrap/default/ac_alert.html]
[html.phoenixcoded.net/mintone/bootstrap/default/ac-datepicker-componant.html]
[html.phoenixcoded.net/mintone/bootstrap/default/ac_lightbox.html]
[html.phoenixcoded.net/mintone/bootstrap/default/ac_notification.html]
[html.phoenixcoded.net/mintone/bootstrap/default/ac_pnotify.html]
[html.phoenixcoded.net/mintone/bootstrap/default/ac_rating.html]
[html.phoenixcoded.net/mintone/bootstrap/default/ac_rangeslider.html]
[html.phoenixcoded.net/mintone/bootstrap/default/ac_syntax_highlighter.html]
[html.phoenixcoded.net/mintone/bootstrap/default/animation.html]
[html.phoenixcoded.net/mintone/bootstrap/default/icon-feather.html]
[html.phoenixcoded.net/mintone/bootstrap/default/icon-fontawsome.html]
[html.phoenixcoded.net/mintone/bootstrap/default/form_elements.html]
[html.phoenixcoded.net/mintone/bootstrap/default/form-elements-advance.html]
[html.phoenixcoded.net/mintone/bootstrap/default/form-validation.html]
[html.phoenixcoded.net/mintone/bootstrap/default/form-masking.html]
[html.phoenixcoded.net/mintone/bootstrap/default/form-wizard.html]
[html.phoenixcoded.net/mintone/bootstrap/default/form-picker.html]
[html.phoenixcoded.net/mintone/bootstrap/default/form-select.html]
[html.phoenixcoded.net/mintone/bootstrap/default/tbl_bootstrap.html]
[html.phoenixcoded.net/mintone/bootstrap/default/tbl_sizing.html]
[html.phoenixcoded.net/mintone/bootstrap/default/tbl_border.html]
[html.phoenixcoded.net/mintone/bootstrap/default/tbl_styling.html]
[html.phoenixcoded.net/mintone/bootstrap/default/dt_basic.html]
[html.phoenixcoded.net/mintone/bootstrap/default/dt_advance.html]
[html.phoenixcoded.net/mintone/bootstrap/default/dt_styling.html]
[html.phoenixcoded.net/mintone/bootstrap/default/dt_api.html]
[html.phoenixcoded.net/mintone/bootstrap/default/dt_plugin.html]
[html.phoenixcoded.net/mintone/bootstrap/default/dt_sources.html]
[html.phoenixcoded.net/mintone/bootstrap/default/dt_ext_autofill.html]
[html.phoenixcoded.net/mintone/bootstrap/default/dt_ext_basic_buttons.html]
[html.phoenixcoded.net/mintone/bootstrap/default/dt_ext_export_buttons.html]
[html.phoenixcoded.net/mintone/bootstrap/default/dt_ext_col_reorder.html]
[html.phoenixcoded.net/mintone/bootstrap/default/dt_ext_fixed_columns.html]
[html.phoenixcoded.net/mintone/bootstrap/default/dt_ext_fixed_header.html]
[html.phoenixcoded.net/mintone/bootstrap/default/dt_ext_key_table.html]
[html.phoenixcoded.net/mintone/bootstrap/default/dt_ext_responsive.html]
[html.phoenixcoded.net/mintone/bootstrap/default/dt_ext_row_reorder.html]
[html.phoenixcoded.net/mintone/bootstrap/default/dt_ext_scroller.html]
[html.phoenixcoded.net/mintone/bootstrap/default/dt_ext_select.html]
[html.phoenixcoded.net/mintone/bootstrap/default/chart-apex.html]
[html.phoenixcoded.net/mintone/bootstrap/default/chart-chartjs.html]
[html.phoenixcoded.net/mintone/bootstrap/default/chart-highchart.html]
[html.phoenixcoded.net/mintone/bootstrap/default/chart-knob.html]
[html.phoenixcoded.net/mintone/bootstrap/default/chart-peity.html]
[html.phoenixcoded.net/mintone/bootstrap/default/map-google.html]
[html.phoenixcoded.net/mintone/bootstrap/default/map-api.html]
[html.phoenixcoded.net/mintone/bootstrap/default/auth-signup.html]
[html.phoenixcoded.net/mintone/bootstrap/default/auth-reset-password.html]
[html.phoenixcoded.net/mintone/bootstrap/default/auth-change-password.html]
[html.phoenixcoded.net/mintone/bootstrap/default/auth-tabs.html]
[html.phoenixcoded.net/mintone/bootstrap/default/maint-error-403.html]
[html.phoenixcoded.net/mintone/bootstrap/default/maint-error-404.html]
[html.phoenixcoded.net/mintone/bootstrap/default/maint-error-405.html]
[html.phoenixcoded.net/mintone/bootstrap/default/maint-error-500.html]
[html.phoenixcoded.net/mintone/bootstrap/default/maint-offline-ui.html]
[html.phoenixcoded.net/mintone/bootstrap/default/email_read.html]
[html.phoenixcoded.net/mintone/bootstrap/default/email_compose.html]
[html.phoenixcoded.net/mintone/bootstrap/default/task-list.html]
[html.phoenixcoded.net/mintone/bootstrap/default/task-board.html]
[html.phoenixcoded.net/mintone/bootstrap/default/task-detail.html]
[html.phoenixcoded.net/mintone/bootstrap/default/todo.html]
[html.phoenixcoded.net/mintone/bootstrap/default/gallery-grid.html]
[html.phoenixcoded.net/mintone/bootstrap/default/gallery-masonry.html]
[html.phoenixcoded.net/mintone/bootstrap/default/editor-classic.html]
[html.phoenixcoded.net/mintone/bootstrap/default/editor-trumbowyg.html]
[html.phoenixcoded.net/mintone/bootstrap/default/invoice.html]
[html.phoenixcoded.net/mintone/bootstrap/default/invoice-summary.html]
[html.phoenixcoded.net/mintone/bootstrap/default/invoice-list.html]
[html.phoenixcoded.net/mintone/bootstrap/default/full-calendar.html]
[html.phoenixcoded.net/mintone/bootstrap/default/file-upload.html]
[html.phoenixcoded.net/mintone/bootstrap/default/image_crop.html]
[html.phoenixcoded.net/mintone/bootstrap/default/sample-page.html]
[html.phoenixcoded.net/mintone/bootstrap/default/assets/js/pcoded.min.js]
[html.phoenixcoded.net/mintone/bootstrap/default/assets/js/menu-setting.min.js]
[html.phoenixcoded.net/mintone/bootstrap/default/assets/js/plugins/jquery.peity.min.js]
[html.phoenixcoded.net/mintone/bootstrap/default/assets/js/plugins/bootstrap.min.js]
[html.phoenixcoded.net/mintone/bootstrap/default/assets/js/pages/jquery.knob-custom.min.js]
[html.phoenixcoded.net/mintone/bootstrap/default/assets/js/plugins/jquery.knob.min.js]
[html.phoenixcoded.net/mintone/bootstrap/default/assets/js/vendor-all.min.js]
[html.phoenixcoded.net/mintone/bootstrap/default/assets/plugins/vendors/sparkline/jquery.sparkline.min.js]
[html.phoenixcoded.net/mintone/bootstrap/default/assets/plugins/vendors/c3-master/c3.min.js]
[html.phoenixcoded.net/mintone/bootstrap/default/assets/plugins/vendors/d3/d3.min.js]
[html.phoenixcoded.net/mintone/bootstrap/default/index.html]
[html.phoenixcoded.net/mintone/bootstrap/default/assets/js/pages/dashboard-server.js]
[html.phoenixcoded.net/mintone/bootstrap/default/assets/plugins/vendors/raphael/raphael-min.js]
[html.phoenixcoded.net/mintone/bootstrap/default/assets/plugins/vendors/morrisjs/morris.css]
[html.phoenixcoded.net/mintone/bootstrap/default/assets/plugins/vendors/c3-master/c3.min.css]
[html.phoenixcoded.net/mintone/bootstrap/default/assets/css/plugins/animate.min.css]
[html.phoenixcoded.net/mintone/bootstrap/default/assets/css/style.css]
[html.phoenixcoded.net/mintone/bootstrap/default/assets/plugins/vendors/morrisjs/morris.js]
[html.phoenixcoded.net/mintone/bootstrap/default/assets/css/plugins/ekko-lightbox.css]
[html.phoenixcoded.net/mintone/bootstrap/default/assets/css/plugins/lightbox.min.css]
[html.phoenixcoded.net/mintone/bootstrap/default/assets/images/widget/profile-person1.jpg]
[html.phoenixcoded.net/mintone/bootstrap/default/user-profile.html]
[html.phoenixcoded.net/mintone/bootstrap/default/email_inbox.html]
[html.phoenixcoded.net/cdn-cgi/scripts/5c5dd728/cloudflare-static/email-decode.min.js]
[html.phoenixcoded.net/mintone/bootstrap/default/assets/js/waves.min.js]
[html.phoenixcoded.net/mintone/bootstrap/default/auth-signin.html]
[html.phoenixcoded.net/mintone/bootstrap/default/assets/js/pages/jquery.wavify.js]
[html.phoenixcoded.net/mintone/bootstrap/default/assets/plugins/vendors/bootstrap-checkbox/awesome-bootstrap-checkbox.css]
[html.phoenixcoded.net/mintone/bootstrap/default/assets/js/plugins/apexcharts.min.js]
[html.phoenixcoded.net/mintone/bootstrap/default/index-project-statistics.html]
[html.phoenixcoded.net/mintone/bootstrap/default/assets/js/pages/dashboard-projects1.js]
[html.phoenixcoded.net/mintone/bootstrap/default/assets/images/icon/plus.png]
[html.phoenixcoded.net/mintone/bootstrap/default/assets/images/user/avatar-3.jpg]
[html.phoenixcoded.net/mintone/bootstrap/default/assets/images/user/avatar-4.jpg]
[html.phoenixcoded.net/mintone/bootstrap/default/index-project-details.html]
[html.phoenixcoded.net/mintone/bootstrap/default/index-project-task.html]
[html.phoenixcoded.net/mintone/bootstrap/default/assets/js/pages/dashboard-projects2.js]
[html.phoenixcoded.net/mintone/bootstrap/default/assets/js/pages/TweenMax.min.js]
[html.phoenixcoded.net/mintone/bootstrap/default/assets/images/user/avatar-5.jpg]
[html.phoenixcoded.net/mintone/bootstrap/default/index-project-members.html]
[html.phoenixcoded.net/mintone/bootstrap/default/assets/plugins/vendors/vectormap/jquery-jvectormap-2.0.2.css]
[html.phoenixcoded.net/mintone/bootstrap/default/assets/images/icon/note.svg]
[html.phoenixcoded.net/mintone/bootstrap/default/assets/images/icon/badge.svg]
[html.phoenixcoded.net/mintone/bootstrap/default/assets/images/icon/users.svg]
[html.phoenixcoded.net/mintone/bootstrap/default/assets/images/product/prod-1.jpg]
[html.phoenixcoded.net/mintone/bootstrap/default/assets/images/product/prod-2.jpg]
[html.phoenixcoded.net/mintone/bootstrap/default/assets/images/product/prod-3.jpg]
[html.phoenixcoded.net/mintone/bootstrap/default/assets/images/product/prod-4.jpg]
[html.phoenixcoded.net/mintone/bootstrap/default/assets/images/product/prod-5.jpg]
[html.phoenixcoded.net/mintone/bootstrap/default/assets/plugins/vendors/vectormap/jquery-jvectormap-2.0.2.min.js]
[html.phoenixcoded.net/mintone/bootstrap/default/index-shop.html]
[html.phoenixcoded.net/mintone/bootstrap/default/assets/js/pages/dashboard-shop.js]
[html.phoenixcoded.net/mintone/bootstrap/default/assets/plugins/vendors/jquery.easy-pie-chart/easy-pie-chart.css]
[html.phoenixcoded.net/mintone/bootstrap/default/assets/plugins/vendors/jquery.easy-pie-chart/dist/jquery.easypiechart.min.js]
[html.phoenixcoded.net/mintone/bootstrap/default/assets/plugins/vendors/vectormap/jquery-jvectormap-world-mill-en.js]
[html.phoenixcoded.net/mintone/bootstrap/default/assets/plugins/vendors/jquery.easy-pie-chart/easy-pie-chart.init.js]
[html.phoenixcoded.net/mintone/bootstrap/default/index-analytics.html]
[html.phoenixcoded.net/mintone/bootstrap/default/assets/js/pages/dashboard-analytics.js]
[html.phoenixcoded.net/mintone/bootstrap/default/assets/css/plugins/prism-coy.css]
[html.phoenixcoded.net/mintone/bootstrap/default/layout-static.html]
[html.phoenixcoded.net/mintone/bootstrap/default/layout-fixed.html]
[html.phoenixcoded.net/mintone/bootstrap/default/layout-menu-fixed.html]
[html.phoenixcoded.net/mintone/bootstrap/default/layout-mini-menu.html]
[html.phoenixcoded.net/mintone/bootstrap/default/layout-nav-dark.html]
[html.phoenixcoded.net/mintone/bootstrap/default/assets/js/plugins/prism.js]
[html.phoenixcoded.net/mintone/bootstrap/default/assets/js/plugins/Chart.min.js]
[html.phoenixcoded.net/mintone/bootstrap/default/assets/js/horizontal-menu.js]
[html.phoenixcoded.net/mintone/bootstrap/default/assets/js/analytics.js]
[html.phoenixcoded.net/mintone/bootstrap/default/layout-horizontal.html]
[html.phoenixcoded.net/mintone/bootstrap/default/widget-statistic.html]
[html.phoenixcoded.net/mintone/bootstrap/default/assets/images/widget/PHONE1.jpg]
[html.phoenixcoded.net/mintone/bootstrap/default/assets/images/widget/PHONE2.jpg]
[html.phoenixcoded.net/mintone/bootstrap/default/assets/images/widget/PHONE3.jpg]
[html.phoenixcoded.net/mintone/bootstrap/default/assets/images/widget/PHONE4.jpg]
[html.phoenixcoded.net/mintone/bootstrap/default/assets/images/widget/p1.jpg]
[html.phoenixcoded.net/mintone/bootstrap/default/assets/images/widget/p2.jpg]
[html.phoenixcoded.net/mintone/bootstrap/default/assets/images/widget/p3.jpg]
[html.phoenixcoded.net/mintone/bootstrap/default/assets/images/widget/p4.jpg]
[html.phoenixcoded.net/mintone/bootstrap/default/assets/js/pages/todo.js]
[html.phoenixcoded.net/mintone/bootstrap/default/widget-data.html]
[html.phoenixcoded.net/mintone/bootstrap/default/assets/js/pages/widget-data.js]
[html.phoenixcoded.net/mintone/bootstrap/default/assets/css/plugins/bars-1to10.css]
[html.phoenixcoded.net/mintone/bootstrap/default/assets/js/plugins/jquery.barrating.min.js]
[html.phoenixcoded.net/mintone/bootstrap/default/widget-chart.html]
[html.phoenixcoded.net/mintone/bootstrap/default/assets/js/pages/chart.js]
[html.phoenixcoded.net/mintone/bootstrap/default/assets/images/widget/slider6.jpg]
[html.phoenixcoded.net/mintone/bootstrap/default/assets/images/widget/slider5.jpg]
[html.phoenixcoded.net/mintone/bootstrap/default/assets/images/widget/slider7.jpg]
[html.phoenixcoded.net/mintone/bootstrap/default/user-card.html]
[html.phoenixcoded.net/mintone/bootstrap/default/assets/css/plugins/dataTables.bootstrap4.min.css]
[html.phoenixcoded.net/mintone/bootstrap/default/assets/js/plugins/dataTables.bootstrap4.min.js]
[html.phoenixcoded.net/mintone/bootstrap/default/user-list.html]
[html.phoenixcoded.net/mintone/bootstrap/default/bc_alert.html]
[html.phoenixcoded.net/mintone/bootstrap/default/bc_button.html]
[html.phoenixcoded.net/mintone/bootstrap/default/bc_badges.html]
[html.phoenixcoded.net/mintone/bootstrap/default/bc_breadcrumb-pagination.html]
[html.phoenixcoded.net/mintone/bootstrap/default/assets/images/slider/img-slide-3.jpg]
[html.phoenixcoded.net/mintone/bootstrap/default/assets/js/plugins/jquery.dataTables.min.js]
[html.phoenixcoded.net/mintone/bootstrap/default/assets/images/slider/img-slide-6.jpg]
[html.phoenixcoded.net/mintone/bootstrap/default/assets/images/slider/img-slide-7.jpg]
[html.phoenixcoded.net/mintone/bootstrap/default/assets/images/slider/img-slide-4.jpg]
[html.phoenixcoded.net/mintone/bootstrap/default/assets/images/slider/img-slide-2.jpg]
[html.phoenixcoded.net/mintone/bootstrap/default/assets/images/slider/img-slide-1.jpg]
[html.phoenixcoded.net/mintone/bootstrap/default/bc_card.html]
[html.phoenixcoded.net/mintone/bootstrap/default/bc_collapse.html]
[html.phoenixcoded.net/mintone/bootstrap/default/bc_carousel.html]
[html.phoenixcoded.net/mintone/bootstrap/default/bc_grid.html]
[html.phoenixcoded.net/mintone/bootstrap/default/bc_progress.html]
[html.phoenixcoded.net/mintone/bootstrap/default/bc_modal.html]
[html.phoenixcoded.net/mintone/bootstrap/default/bc_spinner.html]
[html.phoenixcoded.net/mintone/bootstrap/default/bc_tabs.html]
[html.phoenixcoded.net/mintone/bootstrap/default/bc_typography.html]
[html.phoenixcoded.net/mintone/bootstrap/default/bc_tooltip-popover.html]
[html.phoenixcoded.net/mintone/bootstrap/default/assets/images/favicon.ico]
[html.phoenixcoded.net/mintone/bootstrap/default/bc_toasts.html]
[html.phoenixcoded.net/mintone/bootstrap/default/bc_extra.html]
[html.phoenixcoded.net/mintone/bootstrap/default/ac_alert.html]
[html.phoenixcoded.net/mintone/bootstrap/default/assets/js/pages/ac-alert.js]
[html.phoenixcoded.net/mintone/bootstrap/default/assets/js/plugins/sweetalert.min.js]
[html.phoenixcoded.net/mintone/bootstrap/default/assets/css/plugins/daterangepicker.css]
[html.phoenixcoded.net/mintone/bootstrap/default/assets/js/plugins/daterangepicker.js]
[html.phoenixcoded.net/mintone/bootstrap/default/ac-datepicker-componant.html]
[html.phoenixcoded.net/mintone/bootstrap/default/assets/js/pages/ac-datepicker.js]
[html.phoenixcoded.net/mintone/bootstrap/default/assets/js/plugins/moment.min.js]
[html.phoenixcoded.net/mintone/bootstrap/default/assets/images/light-box/l1.jpg]
[html.phoenixcoded.net/mintone/bootstrap/default/assets/images/light-box/sl1.jpg]
[html.phoenixcoded.net/mintone/bootstrap/default/assets/images/light-box/l2.jpg]
[html.phoenixcoded.net/mintone/bootstrap/default/assets/images/light-box/sl2.jpg]
[html.phoenixcoded.net/mintone/bootstrap/default/assets/images/light-box/l3.jpg]
[html.phoenixcoded.net/mintone/bootstrap/default/assets/images/light-box/sl3.jpg]
[html.phoenixcoded.net/mintone/bootstrap/default/assets/images/light-box/l4.jpg]
[html.phoenixcoded.net/mintone/bootstrap/default/assets/images/light-box/sl4.jpg]
[html.phoenixcoded.net/mintone/bootstrap/default/assets/images/light-box/l5.jpg]
[html.phoenixcoded.net/mintone/bootstrap/default/assets/images/light-box/sl5.jpg]
[html.phoenixcoded.net/mintone/bootstrap/default/assets/images/light-box/l6.jpg]
[html.phoenixcoded.net/mintone/bootstrap/default/assets/images/light-box/sl6.jpg]
[html.phoenixcoded.net/mintone/bootstrap/default/assets/images/light-box/v1.jpg]
[html.phoenixcoded.net/mintone/bootstrap/default/assets/images/light-box/v2.jpg]
[html.phoenixcoded.net/mintone/bootstrap/default/assets/images/light-box/v3.jpg]
[html.phoenixcoded.net/mintone/bootstrap/default/assets/images/light-box/mixin.jpg]
[html.phoenixcoded.net/mintone/bootstrap/default/assets/images/light-box/smixin.jpg]
[html.phoenixcoded.net/mintone/bootstrap/default/assets/images/light-box/v4.jpg]
[html.phoenixcoded.net/mintone/bootstrap/default/assets/js/plugins/ekko-lightbox.min.js]
[html.phoenixcoded.net/mintone/bootstrap/default/assets/js/plugins/lightbox.min.js]
[html.phoenixcoded.net/mintone/bootstrap/default/assets/js/pages/ac-lightbox.js]
[html.phoenixcoded.net/mintone/bootstrap/default/ac_lightbox.html]
[html.phoenixcoded.net/mintone/bootstrap/default/assets/js/plugins/bootstrap-notify.min.js]
[html.phoenixcoded.net/mintone/bootstrap/default/assets/js/pages/ac-notification.js]
[html.phoenixcoded.net/mintone/bootstrap/default/ac_notification.html]
[html.phoenixcoded.net/mintone/bootstrap/default/assets/css/plugins/PNotifyBrightTheme.css]
[html.phoenixcoded.net/mintone/bootstrap/default/assets/js/plugins/PNotify.js]
[html.phoenixcoded.net/mintone/bootstrap/default/assets/js/plugins/PNotifyButtons.js]
[html.phoenixcoded.net/mintone/bootstrap/default/assets/js/plugins/PNotifyCallbacks.js]
[html.phoenixcoded.net/mintone/bootstrap/default/assets/js/plugins/PNotifyDesktop.js]
[html.phoenixcoded.net/mintone/bootstrap/default/assets/js/plugins/PNotifyConfirm.js]
[html.phoenixcoded.net/mintone/bootstrap/default/ac_pnotify.html]
[html.phoenixcoded.net/mintone/bootstrap/default/assets/js/pages/notify-event.js]
[html.phoenixcoded.net/mintone/bootstrap/default/assets/css/plugins/bars-horizontal.css]
[html.phoenixcoded.net/mintone/bootstrap/default/assets/css/plugins/bars-movie.css]
[html.phoenixcoded.net/mintone/bootstrap/default/assets/css/plugins/bars-pill.css]
[html.phoenixcoded.net/mintone/bootstrap/default/assets/css/plugins/bars-reversed.css]
[html.phoenixcoded.net/mintone/bootstrap/default/assets/css/plugins/bars-square.css]
[html.phoenixcoded.net/mintone/bootstrap/default/assets/css/plugins/bootstrap-stars.css]
[html.phoenixcoded.net/mintone/bootstrap/default/assets/css/plugins/css-stars.css]
[html.phoenixcoded.net/mintone/bootstrap/default/assets/js/pages/ac-rating.js]
[html.phoenixcoded.net/mintone/bootstrap/default/ac_rating.html]
[html.phoenixcoded.net/mintone/bootstrap/default/assets/css/plugins/bootstrap-slider.min.css]
[html.phoenixcoded.net/mintone/bootstrap/default/assets/js/plugins/bootstrap-slider.min.js]
[html.phoenixcoded.net/mintone/bootstrap/default/assets/js/pages/ac-rangeslider.js]
[html.phoenixcoded.net/mintone/bootstrap/default/ac_rangeslider.html]
[html.phoenixcoded.net/mintone/bootstrap/default/ac_syntax_highlighter.html]
[html.phoenixcoded.net/mintone/bootstrap/default/animation.html]
[html.phoenixcoded.net/mintone/bootstrap/default/assets/js/plugins/clipboard.min.js]
[html.phoenixcoded.net/mintone/bootstrap/default/icon-feather.html]
[html.phoenixcoded.net/mintone/bootstrap/default/icon-fontawsome.html]
[html.phoenixcoded.net/mintone/bootstrap/default/form_elements.html]
[html.phoenixcoded.net/mintone/bootstrap/default/assets/css/plugins/bootstrap-tagsinput.css]
[html.phoenixcoded.net/mintone/bootstrap/default/assets/css/plugins/bootstrap-tagsinput-typeahead.css]
[cdnjs.cloudflare.com/ajax/libs/typeahead.js/0.11.1/typeahead.bundle.min.js]
[html.phoenixcoded.net/mintone/bootstrap/default/assets/js/plugins/bootstrap-tagsinput.min.js]
[html.phoenixcoded.net/mintone/bootstrap/default/assets/js/plugins/bootstrap-maxlength.js]
[html.phoenixcoded.net/mintone/bootstrap/default/assets/js/pages/form-advance-custom.js]
[html.phoenixcoded.net/mintone/bootstrap/default/form-elements-advance.html]
[html.phoenixcoded.net/mintone/bootstrap/default/assets/js/plugins/jquery.validate.min.js]
[html.phoenixcoded.net/mintone/bootstrap/default/assets/js/pages/form-validation.js]
[html.phoenixcoded.net/mintone/bootstrap/default/form-validation.html]
[html.phoenixcoded.net/mintone/bootstrap/default/assets/js/plugins/jquery.mask.min.js]
[html.phoenixcoded.net/mintone/bootstrap/default/assets/js/pages/form-masking-custom.js]
[html.phoenixcoded.net/mintone/bootstrap/default/form-masking.html]
[html.phoenixcoded.net/mintone/bootstrap/default/assets/js/plugins/jquery.bootstrap.wizard.min.js]
[html.phoenixcoded.net/mintone/bootstrap/default/form-wizard.html]
[html.phoenixcoded.net/mintone/bootstrap/default/assets/css/plugins/jquery.minicolors.css]
[html.phoenixcoded.net/mintone/bootstrap/default/assets/js/plugins/jquery.minicolors.min.js]
[html.phoenixcoded.net/mintone/bootstrap/default/form-picker.html]
[html.phoenixcoded.net/mintone/bootstrap/default/assets/js/pages/form-picker-custom.js]
[html.phoenixcoded.net/mintone/bootstrap/default/assets/css/plugins/select2.min.css]
[html.phoenixcoded.net/mintone/bootstrap/default/assets/js/plugins/select2.full.min.js]
[html.phoenixcoded.net/mintone/bootstrap/default/form-select.html]
[html.phoenixcoded.net/mintone/bootstrap/default/tbl_bootstrap.html]
[html.phoenixcoded.net/mintone/bootstrap/default/tbl_sizing.html]
[html.phoenixcoded.net/mintone/bootstrap/default/tbl_border.html]
[html.phoenixcoded.net/mintone/bootstrap/default/tbl_styling.html]
[html.phoenixcoded.net/mintone/bootstrap/default/assets/js/pages/form-select-custom.js]
[html.phoenixcoded.net/mintone/bootstrap/default/dt_basic.html]
[html.phoenixcoded.net/mintone/bootstrap/default/assets/js/pages/data-basic-custom.js]
[html.phoenixcoded.net/mintone/bootstrap/default/dt_advance.html]
[html.phoenixcoded.net/mintone/bootstrap/default/assets/js/pages/data-advance-custom.js]
[html.phoenixcoded.net/mintone/bootstrap/default/dt_styling.html]
[html.phoenixcoded.net/mintone/bootstrap/default/assets/js/pages/data-styling-custom.js]
[html.phoenixcoded.net/mintone/bootstrap/default/dt_api.html]
[html.phoenixcoded.net/mintone/bootstrap/default/assets/js/pages/data-api-custom.js]
[html.phoenixcoded.net/mintone/bootstrap/default/dt_plugin.html]
[html.phoenixcoded.net/mintone/bootstrap/default/assets/js/pages/data-plugin-custom.js]
[html.phoenixcoded.net/mintone/bootstrap/default/dt_sources.html]
[html.phoenixcoded.net/mintone/bootstrap/default/assets/js/pages/data-source-custom.js]
[html.phoenixcoded.net/mintone/bootstrap/default/assets/css/plugins/select.bootstrap4.min.css]
[html.phoenixcoded.net/mintone/bootstrap/default/assets/js/plugins/select.bootstrap4.min.js]
[html.phoenixcoded.net/mintone/bootstrap/default/assets/js/plugins/dataTables.select.min.js]
[html.phoenixcoded.net/mintone/bootstrap/default/dt_ext_autofill.html]
[html.phoenixcoded.net/mintone/bootstrap/default/assets/js/pages/data-autofill-custom.js]
[html.phoenixcoded.net/mintone/bootstrap/default/assets/js/plugins/buttons.colVis.min.js]
[html.phoenixcoded.net/mintone/bootstrap/default/assets/js/plugins/dataTables.buttons.min.js]
[html.phoenixcoded.net/mintone/bootstrap/default/assets/js/plugins/buttons.bootstrap4.min.js]
[html.phoenixcoded.net/mintone/bootstrap/default/assets/js/pages/data-buttons-custom.js]
[html.phoenixcoded.net/mintone/bootstrap/default/dt_ext_basic_buttons.html]
[html.phoenixcoded.net/mintone/bootstrap/default/assets/js/plugins/buttons.print.min.js]
[html.phoenixcoded.net/mintone/bootstrap/default/dt_ext_export_buttons.html]
[html.phoenixcoded.net/mintone/bootstrap/default/assets/js/pages/data-export-custom.js]
[html.phoenixcoded.net/mintone/bootstrap/default/assets/js/plugins/buttons.html5.min.js]
[html.phoenixcoded.net/mintone/bootstrap/default/assets/js/plugins/dataTables.colReorder.min.js]
[html.phoenixcoded.net/mintone/bootstrap/default/assets/js/plugins/jszip.min.js]
[html.phoenixcoded.net/mintone/bootstrap/default/dt_ext_col_reorder.html]
[html.phoenixcoded.net/mintone/bootstrap/default/assets/js/pages/data-reorder-custom.js]
[html.phoenixcoded.net/mintone/bootstrap/default/assets/css/plugins/fixedColumns.bootstrap4.min.css]
[html.phoenixcoded.net/mintone/bootstrap/default/assets/js/plugins/dataTables.fixedColumns.min.js]
[html.phoenixcoded.net/mintone/bootstrap/default/dt_ext_fixed_columns.html]
[html.phoenixcoded.net/mintone/bootstrap/default/assets/js/pages/data-column-custom.js]
[html.phoenixcoded.net/mintone/bootstrap/default/assets/css/plugins/fixedHeader.bootstrap4.min.css]
[html.phoenixcoded.net/mintone/bootstrap/default/assets/js/plugins/dataTables.fixedHeader.min.js]
[html.phoenixcoded.net/mintone/bootstrap/default/assets/js/pages/data-header-custom.js]
[html.phoenixcoded.net/mintone/bootstrap/default/dt_ext_fixed_header.html]
[html.phoenixcoded.net/mintone/bootstrap/default/assets/css/plugins/keyTable.bootstrap4.min.css]
[html.phoenixcoded.net/mintone/bootstrap/default/assets/js/plugins/dataTables.keyTable.min.js]
[html.phoenixcoded.net/mintone/bootstrap/default/dt_ext_key_table.html]
[html.phoenixcoded.net/mintone/bootstrap/default/assets/js/pages/data-key-custom.js]
[html.phoenixcoded.net/mintone/bootstrap/default/assets/css/plugins/responsive.bootstrap4.min.css]
[html.phoenixcoded.net/mintone/bootstrap/default/assets/js/plugins/dataTables.responsive.min.js]
[html.phoenixcoded.net/mintone/bootstrap/default/assets/js/pages/data-responsive-custom.js]
[html.phoenixcoded.net/mintone/bootstrap/default/dt_ext_responsive.html]
[html.phoenixcoded.net/mintone/bootstrap/default/dt_ext_row_reorder.html]
[html.phoenixcoded.net/mintone/bootstrap/default/assets/js/pages/data-row-custom.js]
[html.phoenixcoded.net/mintone/bootstrap/default/assets/js/pages/data-scroller-custom.js]
[html.phoenixcoded.net/mintone/bootstrap/default/dt_ext_scroller.html]
[html.phoenixcoded.net/mintone/bootstrap/default/dt_ext_select.html]
[html.phoenixcoded.net/mintone/bootstrap/default/assets/js/pages/data-select-custom.js]
[html.phoenixcoded.net/mintone/bootstrap/default/chart-apex.html]
[html.phoenixcoded.net/mintone/bootstrap/default/chart-chartjs.html]
[html.phoenixcoded.net/mintone/bootstrap/default/assets/js/pages/chart-chart-custom.js]
[html.phoenixcoded.net/mintone/bootstrap/default/assets/js/pages/chart-apex.js]
[html.phoenixcoded.net/mintone/bootstrap/default/chart-highchart.html]
[html.phoenixcoded.net/mintone/bootstrap/default/assets/js/pages/chart-highchart-custom.js]
[html.phoenixcoded.net/mintone/bootstrap/default/chart-knob.html]
[html.phoenixcoded.net/mintone/bootstrap/default/assets/js/plugins/highcharts-3d.js]
[html.phoenixcoded.net/mintone/bootstrap/default/chart-peity.html]
[html.phoenixcoded.net/mintone/bootstrap/default/assets/js/pages/chart-peity-custom.js]
[html.phoenixcoded.net/mintone/bootstrap/default/assets/js/plugins/gmaps.min.js]
[html.phoenixcoded.net/mintone/bootstrap/default/map-google.html]
[html.phoenixcoded.net/mintone/bootstrap/default/assets/js/pages/google-maps.js]
[html.phoenixcoded.net/mintone/bootstrap/default/map-api.html]
[html.phoenixcoded.net/mintone/bootstrap/default/auth-signup.html]
[html.phoenixcoded.net/mintone/bootstrap/default/auth-reset-password.html]
[html.phoenixcoded.net/mintone/bootstrap/default/auth-change-password.html]
[html.phoenixcoded.net/mintone/bootstrap/default/auth-tabs.html]
[html.phoenixcoded.net/mintone/bootstrap/default/assets/js/pages/map-api.js]
[html.phoenixcoded.net/mintone/bootstrap/default/assets/images/auth/403.png]
[html.phoenixcoded.net/mintone/bootstrap/default/maint-error-403.html]
[html.phoenixcoded.net/mintone/bootstrap/default/assets/images/auth/404.png]
[html.phoenixcoded.net/mintone/bootstrap/default/maint-error-404.html]
[html.phoenixcoded.net/mintone/bootstrap/default/assets/images/auth/405.png]
[html.phoenixcoded.net/mintone/bootstrap/default/maint-error-405.html]
[html.phoenixcoded.net/mintone/bootstrap/default/assets/images/auth/500.png]
[html.phoenixcoded.net/mintone/bootstrap/default/assets/js/plugins/highcharts.js]
[html.phoenixcoded.net/mintone/bootstrap/default/maint-error-500.html]
[html.phoenixcoded.net/mintone/bootstrap/default/assets/images/auth/offline.png]
[html.phoenixcoded.net/mintone/bootstrap/default/maint-offline-ui.html]
[html.phoenixcoded.net/mintone/bootstrap/default/assets/plugins/ekko-lightbox/css/ekko-lightbox.min.css]
[html.phoenixcoded.net/mintone/bootstrap/default/assets/plugins/lightbox2-master/css/lightbox.min.css]
[html.phoenixcoded.net/mintone/bootstrap/default/assets/css/pages/pages.css]
[html.phoenixcoded.net/mintone/bootstrap/default/assets/plugins/ekko-lightbox/js/ekko-lightbox.min.js]
[html.phoenixcoded.net/mintone/bootstrap/default/assets/plugins/lightbox2-master/js/lightbox.min.js]
[html.phoenixcoded.net/mintone/bootstrap/default/email_read.html]
[html.phoenixcoded.net/mintone/bootstrap/default/assets/css/plugins/trumbowyg.min.css]
[html.phoenixcoded.net/mintone/bootstrap/default/email_compose.html]
[html.phoenixcoded.net/mintone/bootstrap/default/task-list.html]
[html.phoenixcoded.net/mintone/bootstrap/default/task-board.html]
[html.phoenixcoded.net/mintone/bootstrap/default/task-detail.html]
[html.phoenixcoded.net/mintone/bootstrap/default/todo.html]
[html.phoenixcoded.net/mintone/bootstrap/default/assets/js/pages/task-board.js]
[html.phoenixcoded.net/mintone/bootstrap/default/assets/js/plugins/trumbowyg.min.js]
[html.phoenixcoded.net/mintone/bootstrap/default/assets/images/gallery-grid/img-grd-gal-1.jpg]
[html.phoenixcoded.net/mintone/bootstrap/default/assets/images/gallery-grid/img-grd-gal-2.jpg]
[html.phoenixcoded.net/mintone/bootstrap/default/assets/images/gallery-grid/img-grd-gal-3.jpg]
[html.phoenixcoded.net/mintone/bootstrap/default/assets/js/plugins/pdfmake.min.js]
[html.phoenixcoded.net/mintone/bootstrap/default/assets/images/gallery-grid/img-grd-gal-4.jpg]
[html.phoenixcoded.net/mintone/bootstrap/default/assets/images/gallery-grid/img-grd-gal-5.jpg]
[html.phoenixcoded.net/mintone/bootstrap/default/assets/images/gallery-grid/img-grd-gal-6.jpg]
[html.phoenixcoded.net/mintone/bootstrap/default/gallery-grid.html]
[html.phoenixcoded.net/mintone/bootstrap/default/assets/images/gallery-grid/masonry-1.jpg]
[html.phoenixcoded.net/mintone/bootstrap/default/assets/images/gallery-grid/masonry-3.jpg]
[html.phoenixcoded.net/mintone/bootstrap/default/assets/images/gallery-grid/masonry-4.jpg]
[html.phoenixcoded.net/mintone/bootstrap/default/assets/images/gallery-grid/masonry-5.jpg]
[html.phoenixcoded.net/mintone/bootstrap/default/assets/images/gallery-grid/masonry-8.jpg]
[html.phoenixcoded.net/mintone/bootstrap/default/assets/images/gallery-grid/masonry-2.jpg]
[html.phoenixcoded.net/mintone/bootstrap/default/gallery-masonry.html]
[ckeditor.com/assets/images/bg/umbrellas-e935d5c582.jpg]
[html.phoenixcoded.net/mintone/bootstrap/default/editor-classic.html]
[html.phoenixcoded.net/mintone/bootstrap/default/editor-trumbowyg.html]
[html.phoenixcoded.net/mintone/bootstrap/default/invoice.html]
[html.phoenixcoded.net/mintone/bootstrap/default/invoice-summary.html]
[html.phoenixcoded.net/mintone/bootstrap/default/assets/js/pages/invoice-list.js]
[html.phoenixcoded.net/mintone/bootstrap/default/invoice-list.html]
[html.phoenixcoded.net/mintone/bootstrap/default/assets/css/plugins/fullcalendar.min.css]
[html.phoenixcoded.net/mintone/bootstrap/default/assets/js/plugins/moment.js]
[html.phoenixcoded.net/mintone/bootstrap/default/full-calendar.html]
[html.phoenixcoded.net/mintone/bootstrap/default/assets/css/plugins/dropzone.min.css]
[html.phoenixcoded.net/mintone/bootstrap/default/file-upload.html]
[html.phoenixcoded.net/mintone/bootstrap/default/assets/js/plugins/dropzone-amd-module.min.js]
[html.phoenixcoded.net/mintone/bootstrap/default/assets/css/plugins/cropper.min.css]
[html.phoenixcoded.net/mintone/bootstrap/default/cropped.jpg]
[html.phoenixcoded.net/mintone/bootstrap/default/assets/js/plugins/fullcalendar.min.js]
[html.phoenixcoded.net/mintone/bootstrap/default/assets/js/plugins/jquery-ui.min.js]
[html.phoenixcoded.net/mintone/bootstrap/default/assets/js/plugins/cropper.min.js]
[html.phoenixcoded.net/mintone/bootstrap/default/image_crop.html]
[html.phoenixcoded.net/mintone/bootstrap/default/sample-page.html]
[html.phoenixcoded.net/mintone/bootstrap/default/assets/css/plugins/animate.min.css]
[html.phoenixcoded.net/mintone/bootstrap/default/assets/css/plugins/ekko-lightbox.css]
[html.phoenixcoded.net/mintone/bootstrap/default/assets/js/pages/page-croper.js]
[html.phoenixcoded.net/mintone/bootstrap/default/assets/js/plugins/ckeditor.js]
[html.phoenixcoded.net/mintone/bootstrap/default/assets/css/images/loading.gif]
[html.phoenixcoded.net/mintone/bootstrap/default/assets/css/plugins/lightbox.min.css]
[html.phoenixcoded.net/mintone/bootstrap/default/assets/plugins/vendors/bootstrap-checkbox/awesome-bootstrap-checkbox.css]
[html.phoenixcoded.net/mintone/bootstrap/default/assets/plugins/vendors/vectormap/jquery-jvectormap-2.0.2.css]
[html.phoenixcoded.net/mintone/bootstrap/default/assets/images/icon/note.svg]
[html.phoenixcoded.net/mintone/bootstrap/default/assets/images/icon/badge.svg]
[html.phoenixcoded.net/mintone/bootstrap/default/assets/images/icon/users.svg]
[html.phoenixcoded.net/mintone/bootstrap/default/assets/images/product/prod-2.html]
[html.phoenixcoded.net/mintone/bootstrap/default/assets/images/product/prod-3.html]
[html.phoenixcoded.net/mintone/bootstrap/default/assets/images/product/prod-4.html]
[html.phoenixcoded.net/mintone/bootstrap/default/assets/images/product/prod-5.html]
[html.phoenixcoded.net/mintone/bootstrap/default/assets/plugins/vendors/jquery.easy-pie-chart/easy-pie-chart.css]
[html.phoenixcoded.net/mintone/bootstrap/default/assets/css/plugins/prism-coy.css]
[html.phoenixcoded.net/mintone/bootstrap/default/assets/js/analytics.html]
[html.phoenixcoded.net/mintone/bootstrap/default/assets/css/plugins/bars-1to10.css]
[html.phoenixcoded.net/mintone/bootstrap/default/assets/css/plugins/dataTables.bootstrap4.min.css]
[html.phoenixcoded.net/mintone/bootstrap/default/assets/images/favicon.html]
[html.phoenixcoded.net/mintone/bootstrap/default/assets/css/plugins/daterangepicker.css]
[html.phoenixcoded.net/mintone/bootstrap/default/assets/css/plugins/PNotifyBrightTheme.css]
[html.phoenixcoded.net/mintone/bootstrap/default/assets/css/plugins/bars-horizontal.css]
[html.phoenixcoded.net/mintone/bootstrap/default/assets/css/plugins/bars-movie.css]
[html.phoenixcoded.net/mintone/bootstrap/default/assets/css/plugins/bars-pill.css]
[html.phoenixcoded.net/mintone/bootstrap/default/assets/css/plugins/bars-reversed.css]
[html.phoenixcoded.net/mintone/bootstrap/default/assets/css/plugins/bars-square.css]
[html.phoenixcoded.net/mintone/bootstrap/default/assets/css/plugins/bootstrap-stars.css]
[html.phoenixcoded.net/mintone/bootstrap/default/assets/css/plugins/css-stars.css]
[html.phoenixcoded.net/mintone/bootstrap/default/assets/css/plugins/bootstrap-slider.min.css]
[html.phoenixcoded.net/mintone/bootstrap/default/assets/css/plugins/bootstrap-tagsinput.css]
[html.phoenixcoded.net/mintone/bootstrap/default/assets/css/plugins/bootstrap-tagsinput-typeahead.css]
[html.phoenixcoded.net/mintone/bootstrap/default/assets/css/plugins/jquery.minicolors.png]
[html.phoenixcoded.net/mintone/bootstrap/default/assets/css/plugins/jquery.minicolors.css]
[html.phoenixcoded.net/mintone/bootstrap/default/assets/css/plugins/select2.min.css]
[html.phoenixcoded.net/mintone/bootstrap/default/assets/css/plugins/select.bootstrap4.min.css]
[html.phoenixcoded.net/mintone/bootstrap/default/assets/css/plugins/fixedColumns.bootstrap4.min.css]
[html.phoenixcoded.net/mintone/bootstrap/default/assets/css/plugins/fixedHeader.bootstrap4.min.css]
[html.phoenixcoded.net/mintone/bootstrap/default/assets/css/plugins/keyTable.bootstrap4.min.css]
[html.phoenixcoded.net/mintone/bootstrap/default/assets/css/plugins/responsive.bootstrap4.min.css]
[developers.google.com/maps/documentation/javascript/examples/markerclusterer/markerclusterer.js]
[html.phoenixcoded.net/mintone/bootstrap/default/assets/plugins/ekko-lightbox/css/ekko-lightbox.min.html]
[html.phoenixcoded.net/mintone/bootstrap/default/assets/plugins/lightbox2-master/css/lightbox.min.html]
[html.phoenixcoded.net/mintone/bootstrap/default/assets/css/pages/pages.html]
[html.phoenixcoded.net/mintone/bootstrap/default/assets/plugins/ekko-lightbox/js/ekko-lightbox.min.html]
[html.phoenixcoded.net/mintone/bootstrap/default/assets/plugins/lightbox2-master/js/lightbox.min.html]
[html.phoenixcoded.net/mintone/bootstrap/default/assets/css/plugins/trumbowyg.min.css]
[html.phoenixcoded.net/mintone/bootstrap/default/assets/css/plugins/fullcalendar.min.css]
[html.phoenixcoded.net/mintone/bootstrap/default/assets/css/plugins/dropzone.min.css]
[html.phoenixcoded.net/mintone/bootstrap/default/assets/css/plugins/cropper.min.css]
[html.phoenixcoded.net/mintone/bootstrap/default/cropped.html]
[html.phoenixcoded.net/mintone/bootstrap/default/assets/css/images/loading.html]
